   Compiling bye_abow_rs v0.1.0 (/Users/workspace/Desktop/projects/ByeIO/software/exp114-rust-dbow3-hello/static/bye_abow_rs)
    Finished `dev` profile [unoptimized + debuginfo] target(s) in 7.52s
     Running `target/debug/examples/create_voc`
Extracting keypoint descriptors from "assets/train/348.png"
Extracting keypoint descriptors from "assets/train/412.png"
Extracting keypoint descriptors from "assets/train/374.png"
Extracting keypoint descriptors from "assets/train/360.png"
Extracting keypoint descriptors from "assets/train/406.png"
Extracting keypoint descriptors from "assets/train/566.png"
Extracting keypoint descriptors from "assets/train/572.png"
Extracting keypoint descriptors from "assets/train/573.png"
Extracting keypoint descriptors from "assets/train/567.png"
Extracting keypoint descriptors from "assets/train/361.png"
Extracting keypoint descriptors from "assets/train/407.png"
Extracting keypoint descriptors from "assets/train/413.png"
Extracting keypoint descriptors from "assets/train/375.png"
Extracting keypoint descriptors from "assets/train/349.png"
Extracting keypoint descriptors from "assets/train/439.png"
Extracting keypoint descriptors from "assets/train/405.png"
Extracting keypoint descriptors from "assets/train/363.png"
Extracting keypoint descriptors from "assets/train/377.png"
Extracting keypoint descriptors from "assets/train/411.png"
Extracting keypoint descriptors from "assets/train/388.png"
Extracting keypoint descriptors from "assets/train/559.png"
Extracting keypoint descriptors from "assets/train/571.png"
Extracting keypoint descriptors from "assets/train/565.png"
Extracting keypoint descriptors from "assets/train/564.png"
Extracting keypoint descriptors from "assets/train/570.png"
Extracting keypoint descriptors from "assets/train/558.png"
Extracting keypoint descriptors from "assets/train/389.png"
Extracting keypoint descriptors from "assets/train/376.png"
Extracting keypoint descriptors from "assets/train/410.png"
Extracting keypoint descriptors from "assets/train/404.png"
Extracting keypoint descriptors from "assets/train/362.png"
Extracting keypoint descriptors from "assets/train/438.png"
Extracting keypoint descriptors from "assets/train/366.png"
Extracting keypoint descriptors from "assets/train/400.png"
Extracting keypoint descriptors from "assets/train/414.png"
Extracting keypoint descriptors from "assets/train/372.png"
Extracting keypoint descriptors from "assets/train/428.png"
Extracting keypoint descriptors from "assets/train/399.png"
Extracting keypoint descriptors from "assets/train/574.png"
Extracting keypoint descriptors from "assets/train/560.png"
Extracting keypoint descriptors from "assets/train/548.png"
Extracting keypoint descriptors from "assets/train/549.png"
Extracting keypoint descriptors from "assets/train/561.png"
Extracting keypoint descriptors from "assets/train/575.png"
Extracting keypoint descriptors from "assets/train/398.png"
Extracting keypoint descriptors from "assets/train/429.png"
Extracting keypoint descriptors from "assets/train/415.png"
Extracting keypoint descriptors from "assets/train/373.png"
Extracting keypoint descriptors from "assets/train/367.png"
Extracting keypoint descriptors from "assets/train/401.png"
Extracting keypoint descriptors from "assets/train/371.png"
Extracting keypoint descriptors from "assets/train/417.png"
Extracting keypoint descriptors from "assets/train/403.png"
Extracting keypoint descriptors from "assets/train/365.png"
Extracting keypoint descriptors from "assets/train/359.png"
Extracting keypoint descriptors from "assets/train/563.png"
Extracting keypoint descriptors from "assets/train/577.png"
Extracting keypoint descriptors from "assets/train/576.png"
Extracting keypoint descriptors from "assets/train/562.png"
Extracting keypoint descriptors from "assets/train/358.png"
Extracting keypoint descriptors from "assets/train/402.png"
Extracting keypoint descriptors from "assets/train/364.png"
Extracting keypoint descriptors from "assets/train/370.png"
Extracting keypoint descriptors from "assets/train/416.png"
Extracting keypoint descriptors from "assets/train/459.png"
Extracting keypoint descriptors from "assets/train/317.png"
Extracting keypoint descriptors from "assets/train/471.png"
Extracting keypoint descriptors from "assets/train/465.png"
Extracting keypoint descriptors from "assets/train/303.png"
Extracting keypoint descriptors from "assets/train/539.png"
Extracting keypoint descriptors from "assets/train/505.png"
Extracting keypoint descriptors from "assets/train/511.png"
Extracting keypoint descriptors from "assets/train/510.png"
Extracting keypoint descriptors from "assets/train/504.png"
Extracting keypoint descriptors from "assets/train/538.png"
Extracting keypoint descriptors from "assets/train/464.png"
Extracting keypoint descriptors from "assets/train/302.png"
Extracting keypoint descriptors from "assets/train/316.png"
Extracting keypoint descriptors from "assets/train/470.png"
Extracting keypoint descriptors from "assets/train/458.png"
Extracting keypoint descriptors from "assets/train/328.png"
Extracting keypoint descriptors from "assets/train/300.png"
Extracting keypoint descriptors from "assets/train/466.png"
Extracting keypoint descriptors from "assets/train/472.png"
Extracting keypoint descriptors from "assets/train/314.png"
Extracting keypoint descriptors from "assets/train/499.png"
Extracting keypoint descriptors from "assets/train/512.png"
Extracting keypoint descriptors from "assets/train/506.png"
Extracting keypoint descriptors from "assets/train/507.png"
Extracting keypoint descriptors from "assets/train/513.png"
Extracting keypoint descriptors from "assets/train/498.png"
Extracting keypoint descriptors from "assets/train/473.png"
Extracting keypoint descriptors from "assets/train/315.png"
Extracting keypoint descriptors from "assets/train/301.png"
Extracting keypoint descriptors from "assets/train/467.png"
Extracting keypoint descriptors from "assets/train/329.png"
Extracting keypoint descriptors from "assets/train/463.png"
Extracting keypoint descriptors from "assets/train/305.png"
Extracting keypoint descriptors from "assets/train/311.png"
Extracting keypoint descriptors from "assets/train/477.png"
Extracting keypoint descriptors from "assets/train/339.png"
Extracting keypoint descriptors from "assets/train/488.png"
Extracting keypoint descriptors from "assets/train/517.png"
Extracting keypoint descriptors from "assets/train/503.png"
Extracting keypoint descriptors from "assets/train/502.png"
Extracting keypoint descriptors from "assets/train/516.png"
Extracting keypoint descriptors from "assets/train/489.png"
Extracting keypoint descriptors from "assets/train/338.png"
Extracting keypoint descriptors from "assets/train/310.png"
Extracting keypoint descriptors from "assets/train/476.png"
Extracting keypoint descriptors from "assets/train/462.png"
Extracting keypoint descriptors from "assets/train/304.png"
Extracting keypoint descriptors from "assets/train/474.png"
Extracting keypoint descriptors from "assets/train/312.png"
Extracting keypoint descriptors from "assets/train/306.png"
Extracting keypoint descriptors from "assets/train/460.png"
Extracting keypoint descriptors from "assets/train/448.png"
Extracting keypoint descriptors from "assets/train/500.png"
Extracting keypoint descriptors from "assets/train/514.png"
Extracting keypoint descriptors from "assets/train/528.png"
Extracting keypoint descriptors from "assets/train/299.png"
Extracting keypoint descriptors from "assets/train/298.png"
Extracting keypoint descriptors from "assets/train/529.png"
Extracting keypoint descriptors from "assets/train/515.png"
Extracting keypoint descriptors from "assets/train/501.png"
Extracting keypoint descriptors from "assets/train/449.png"
Extracting keypoint descriptors from "assets/train/307.png"
Extracting keypoint descriptors from "assets/train/461.png"
Extracting keypoint descriptors from "assets/train/475.png"
Extracting keypoint descriptors from "assets/train/313.png"
Extracting keypoint descriptors from "assets/train/478.png"
Extracting keypoint descriptors from "assets/train/336.png"
Extracting keypoint descriptors from "assets/train/450.png"
Extracting keypoint descriptors from "assets/train/444.png"
Extracting keypoint descriptors from "assets/train/322.png"
Extracting keypoint descriptors from "assets/train/493.png"
Extracting keypoint descriptors from "assets/train/487.png"
Extracting keypoint descriptors from "assets/train/518.png"
Extracting keypoint descriptors from "assets/train/524.png"
Extracting keypoint descriptors from "assets/train/530.png"
Extracting keypoint descriptors from "assets/train/295.png"
Extracting keypoint descriptors from "assets/train/294.png"
Extracting keypoint descriptors from "assets/train/531.png"
Extracting keypoint descriptors from "assets/train/525.png"
Extracting keypoint descriptors from "assets/train/519.png"
Extracting keypoint descriptors from "assets/train/486.png"
Extracting keypoint descriptors from "assets/train/492.png"
Extracting keypoint descriptors from "assets/train/445.png"
Extracting keypoint descriptors from "assets/train/323.png"
Extracting keypoint descriptors from "assets/train/337.png"
Extracting keypoint descriptors from "assets/train/451.png"
Extracting keypoint descriptors from "assets/train/479.png"
Extracting keypoint descriptors from "assets/train/309.png"
Extracting keypoint descriptors from "assets/train/321.png"
Extracting keypoint descriptors from "assets/train/447.png"
Extracting keypoint descriptors from "assets/train/453.png"
Extracting keypoint descriptors from "assets/train/335.png"
Extracting keypoint descriptors from "assets/train/484.png"
Extracting keypoint descriptors from "assets/train/490.png"
Extracting keypoint descriptors from "assets/train/533.png"
Extracting keypoint descriptors from "assets/train/527.png"
Extracting keypoint descriptors from "assets/train/296.png"
Extracting keypoint descriptors from "assets/train/297.png"
Extracting keypoint descriptors from "assets/train/526.png"
Extracting keypoint descriptors from "assets/train/532.png"
Extracting keypoint descriptors from "assets/train/491.png"
Extracting keypoint descriptors from "assets/train/485.png"
Extracting keypoint descriptors from "assets/train/452.png"
Extracting keypoint descriptors from "assets/train/334.png"
Extracting keypoint descriptors from "assets/train/320.png"
Extracting keypoint descriptors from "assets/train/446.png"
Extracting keypoint descriptors from "assets/train/308.png"
Extracting keypoint descriptors from "assets/train/442.png"
Extracting keypoint descriptors from "assets/train/324.png"
Extracting keypoint descriptors from "assets/train/330.png"
Extracting keypoint descriptors from "assets/train/456.png"
Extracting keypoint descriptors from "assets/train/318.png"
Extracting keypoint descriptors from "assets/train/481.png"
Extracting keypoint descriptors from "assets/train/495.png"
Extracting keypoint descriptors from "assets/train/536.png"
Extracting keypoint descriptors from "assets/train/522.png"
Extracting keypoint descriptors from "assets/train/293.png"
Extracting keypoint descriptors from "assets/train/292.png"
Extracting keypoint descriptors from "assets/train/523.png"
Extracting keypoint descriptors from "assets/train/537.png"
Extracting keypoint descriptors from "assets/train/494.png"
Extracting keypoint descriptors from "assets/train/480.png"
Extracting keypoint descriptors from "assets/train/319.png"
Extracting keypoint descriptors from "assets/train/331.png"
Extracting keypoint descriptors from "assets/train/457.png"
Extracting keypoint descriptors from "assets/train/443.png"
Extracting keypoint descriptors from "assets/train/325.png"
Extracting keypoint descriptors from "assets/train/455.png"
Extracting keypoint descriptors from "assets/train/333.png"
Extracting keypoint descriptors from "assets/train/327.png"
Extracting keypoint descriptors from "assets/train/441.png"
Extracting keypoint descriptors from "assets/train/469.png"
Extracting keypoint descriptors from "assets/train/496.png"
Extracting keypoint descriptors from "assets/train/482.png"
Extracting keypoint descriptors from "assets/train/521.png"
Extracting keypoint descriptors from "assets/train/535.png"
Extracting keypoint descriptors from "assets/train/509.png"
Extracting keypoint descriptors from "assets/train/290.png"
Extracting keypoint descriptors from "assets/train/291.png"
Extracting keypoint descriptors from "assets/train/508.png"
Extracting keypoint descriptors from "assets/train/534.png"
Extracting keypoint descriptors from "assets/train/520.png"
Extracting keypoint descriptors from "assets/train/483.png"
Extracting keypoint descriptors from "assets/train/497.png"
Extracting keypoint descriptors from "assets/train/468.png"
Extracting keypoint descriptors from "assets/train/326.png"
Extracting keypoint descriptors from "assets/train/440.png"
Extracting keypoint descriptors from "assets/train/454.png"
Extracting keypoint descriptors from "assets/train/332.png"
Extracting keypoint descriptors from "assets/train/369.png"
Extracting keypoint descriptors from "assets/train/433.png"
Extracting keypoint descriptors from "assets/train/355.png"
Extracting keypoint descriptors from "assets/train/341.png"
Extracting keypoint descriptors from "assets/train/427.png"
Extracting keypoint descriptors from "assets/train/396.png"
Extracting keypoint descriptors from "assets/train/382.png"
Extracting keypoint descriptors from "assets/train/547.png"
Extracting keypoint descriptors from "assets/train/553.png"
Extracting keypoint descriptors from "assets/train/552.png"
Extracting keypoint descriptors from "assets/train/546.png"
Extracting keypoint descriptors from "assets/train/383.png"
Extracting keypoint descriptors from "assets/train/397.png"
Extracting keypoint descriptors from "assets/train/340.png"
Extracting keypoint descriptors from "assets/train/426.png"
Extracting keypoint descriptors from "assets/train/432.png"
Extracting keypoint descriptors from "assets/train/354.png"
Extracting keypoint descriptors from "assets/train/368.png"
Extracting keypoint descriptors from "assets/train/418.png"
Extracting keypoint descriptors from "assets/train/424.png"
Extracting keypoint descriptors from "assets/train/342.png"
Extracting keypoint descriptors from "assets/train/356.png"
Extracting keypoint descriptors from "assets/train/430.png"
Extracting keypoint descriptors from "assets/train/381.png"
Extracting keypoint descriptors from "assets/train/395.png"
Extracting keypoint descriptors from "assets/train/578.png"
Extracting keypoint descriptors from "assets/train/550.png"
Extracting keypoint descriptors from "assets/train/544.png"
Extracting keypoint descriptors from "assets/train/545.png"
Extracting keypoint descriptors from "assets/train/551.png"
Extracting keypoint descriptors from "assets/train/579.png"
Extracting keypoint descriptors from "assets/train/394.png"
Extracting keypoint descriptors from "assets/train/380.png"
Extracting keypoint descriptors from "assets/train/357.png"
Extracting keypoint descriptors from "assets/train/431.png"
Extracting keypoint descriptors from "assets/train/425.png"
Extracting keypoint descriptors from "assets/train/343.png"
Extracting keypoint descriptors from "assets/train/419.png"
Extracting keypoint descriptors from "assets/train/347.png"
Extracting keypoint descriptors from "assets/train/421.png"
Extracting keypoint descriptors from "assets/train/435.png"
Extracting keypoint descriptors from "assets/train/353.png"
Extracting keypoint descriptors from "assets/train/409.png"
Extracting keypoint descriptors from "assets/train/384.png"
Extracting keypoint descriptors from "assets/train/390.png"
Extracting keypoint descriptors from "assets/train/555.png"
Extracting keypoint descriptors from "assets/train/541.png"
Extracting keypoint descriptors from "assets/train/569.png"
Extracting keypoint descriptors from "assets/train/568.png"
Extracting keypoint descriptors from "assets/train/540.png"
Extracting keypoint descriptors from "assets/train/554.png"
Extracting keypoint descriptors from "assets/train/391.png"
Extracting keypoint descriptors from "assets/train/385.png"
Extracting keypoint descriptors from "assets/train/408.png"
Extracting keypoint descriptors from "assets/train/434.png"
Extracting keypoint descriptors from "assets/train/352.png"
Extracting keypoint descriptors from "assets/train/346.png"
Extracting keypoint descriptors from "assets/train/420.png"
Extracting keypoint descriptors from "assets/train/350.png"
Extracting keypoint descriptors from "assets/train/436.png"
Extracting keypoint descriptors from "assets/train/422.png"
Extracting keypoint descriptors from "assets/train/344.png"
Extracting keypoint descriptors from "assets/train/378.png"
Extracting keypoint descriptors from "assets/train/393.png"
Extracting keypoint descriptors from "assets/train/387.png"
Extracting keypoint descriptors from "assets/train/542.png"
Extracting keypoint descriptors from "assets/train/556.png"
Extracting keypoint descriptors from "assets/train/557.png"
Extracting keypoint descriptors from "assets/train/543.png"
Extracting keypoint descriptors from "assets/train/386.png"
Extracting keypoint descriptors from "assets/train/392.png"
Extracting keypoint descriptors from "assets/train/379.png"
Extracting keypoint descriptors from "assets/train/423.png"
Extracting keypoint descriptors from "assets/train/345.png"
Extracting keypoint descriptors from "assets/train/351.png"
Extracting keypoint descriptors from "assets/train/437.png"
检测到 2825 个 ORB 特征。

词汇表 = Vocabulary {
    Word/Leaf Nodes: 623,
    Other Nodes: 87,
    Levels: 3,
    Branching Factor: 9,
    Total Training Features: 2825,
    Min Word Cluster Size: 1,
    Max Word Cluster Size: 60,
    Mean Word Cluster Size: 4,
    Median Word Cluster Size: 2,
}